[2023-02-09T22:14:20.501+0800][gc,heap] Heap region size: 1M
[2023-02-09T22:14:20.506+0800][gc     ] Using G1
[2023-02-09T22:14:20.506+0800][gc,heap,coops] Heap address: 0x00000000e0000000, size: 512 MB, Compressed Oops mode: 32-bit
[2023-02-09T22:14:20.506+0800][gc,cds       ] Mark closed archive regions in map: [0x00000000fff00000, 0x00000000fff6bff8]
[2023-02-09T22:14:20.506+0800][gc,cds       ] Mark open archive regions in map: [0x00000000ffe00000, 0x00000000ffe47ff8]
[2023-02-09T22:14:21.266+0800][gc,start     ] GC(0) Pause Young (Normal) (G1 Evacuation Pause)
[2023-02-09T22:14:21.266+0800][gc,task      ] GC(0) Using 4 workers of 4 for evacuation
[2023-02-09T22:14:21.273+0800][gc,phases    ] GC(0)   Pre Evacuate Collection Set: 0.0ms
[2023-02-09T22:14:21.273+0800][gc,phases    ] GC(0)   Evacuate Collection Set: 6.1ms
[2023-02-09T22:14:21.273+0800][gc,phases    ] GC(0)   Post Evacuate Collection Set: 0.3ms
[2023-02-09T22:14:21.273+0800][gc,phases    ] GC(0)   Other: 0.6ms
[2023-02-09T22:14:21.273+0800][gc,heap      ] GC(0) Eden regions: 25->0(21)
[2023-02-09T22:14:21.273+0800][gc,heap      ] GC(0) Survivor regions: 0->4(4)
[2023-02-09T22:14:21.273+0800][gc,heap      ] GC(0) Old regions: 2->5
[2023-02-09T22:14:21.273+0800][gc,heap      ] GC(0) Humongous regions: 0->0
[2023-02-09T22:14:21.273+0800][gc,metaspace ] GC(0) Metaspace: 7376K(7936K)->7376K(7936K) NonClass: 6551K(6912K)->6551K(6912K) Class: 824K(1024K)->824K(1024K)
[2023-02-09T22:14:21.273+0800][gc           ] GC(0) Pause Young (Normal) (G1 Evacuation Pause) 25M->7M(512M) 7.204ms
[2023-02-09T22:14:21.273+0800][gc,cpu       ] GC(0) User=0.02s Sys=0.00s Real=0.01s
[2023-02-09T22:15:28.932+0800][gc,heap,exit ] Heap
[2023-02-09T22:15:28.932+0800][gc,heap,exit ]  garbage-first heap   total 524288K, used 11672K [0x00000000e0000000, 0x0000000100000000)
[2023-02-09T22:15:28.932+0800][gc,heap,exit ]   region size 1024K, 9 young (9216K), 4 survivors (4096K)
[2023-02-09T22:15:28.932+0800][gc,heap,exit ]  Metaspace       used 7980K, capacity 8368K, committed 8576K, reserved 1056768K
[2023-02-09T22:15:28.932+0800][gc,heap,exit ]   class space    used 894K, capacity 1053K, committed 1152K, reserved 1048576K
